// Jest Snapshot v1, https://goo.gl/fbAQLP

exports[`Footer component Footer component should mount 1`] = `
ShallowWrapper {
  "length": 1,
  Symbol(enzyme.__root__): [Circular],
  Symbol(enzyme.__unrendered__): <Footer />,
  Symbol(enzyme.__renderer__): Object {
    "batchedUpdates": [Function],
    "getNode": [Function],
    "render": [Function],
    "simulateEvent": [Function],
    "unmount": [Function],
  },
  Symbol(enzyme.__node__): Object {
    "instance": null,
    "key": undefined,
    "nodeType": "host",
    "props": Object {
      "children": <div
        className="container"
      >
        <div
          className="center-align"
        >
          <p>
            © 
            2018
            , All rights reserved.
            <Link
              href="/"
              replace={false}
              to="/"
            >
               
              Boots Events Manager
            </Link>
          </p>
        </div>
      </div>,
      "className": "footer",
    },
    "ref": null,
    "rendered": Object {
      "instance": null,
      "key": undefined,
      "nodeType": "host",
      "props": Object {
        "children": <div
          className="center-align"
        >
          <p>
            © 
            2018
            , All rights reserved.
            <Link
              href="/"
              replace={false}
              to="/"
            >
               
              Boots Events Manager
            </Link>
          </p>
        </div>,
        "className": "container",
      },
      "ref": null,
      "rendered": Object {
        "instance": null,
        "key": undefined,
        "nodeType": "host",
        "props": Object {
          "children": <p>
            © 
            2018
            , All rights reserved.
            <Link
              href="/"
              replace={false}
              to="/"
            >
               
              Boots Events Manager
            </Link>
          </p>,
          "className": "center-align",
        },
        "ref": null,
        "rendered": Object {
          "instance": null,
          "key": undefined,
          "nodeType": "host",
          "props": Object {
            "children": Array [
              "© ",
              2018,
              ", All rights reserved.",
              <Link
                href="/"
                replace={false}
                to="/"
              >
                 
                Boots Events Manager
              </Link>,
            ],
          },
          "ref": null,
          "rendered": Array [
            "© ",
            2018,
            ", All rights reserved.",
            Object {
              "instance": null,
              "key": undefined,
              "nodeType": "class",
              "props": Object {
                "children": Array [
                  " ",
                  "Boots Events Manager",
                ],
                "href": "/",
                "replace": false,
                "to": "/",
              },
              "ref": null,
              "rendered": Array [
                " ",
                "Boots Events Manager",
              ],
              "type": [Function],
            },
          ],
          "type": "p",
        },
        "type": "div",
      },
      "type": "div",
    },
    "type": "div",
  },
  Symbol(enzyme.__nodes__): Array [
    Object {
      "instance": null,
      "key": undefined,
      "nodeType": "host",
      "props": Object {
        "children": <div
          className="container"
        >
          <div
            className="center-align"
          >
            <p>
              © 
              2018
              , All rights reserved.
              <Link
                href="/"
                replace={false}
                to="/"
              >
                 
                Boots Events Manager
              </Link>
            </p>
          </div>
        </div>,
        "className": "footer",
      },
      "ref": null,
      "rendered": Object {
        "instance": null,
        "key": undefined,
        "nodeType": "host",
        "props": Object {
          "children": <div
            className="center-align"
          >
            <p>
              © 
              2018
              , All rights reserved.
              <Link
                href="/"
                replace={false}
                to="/"
              >
                 
                Boots Events Manager
              </Link>
            </p>
          </div>,
          "className": "container",
        },
        "ref": null,
        "rendered": Object {
          "instance": null,
          "key": undefined,
          "nodeType": "host",
          "props": Object {
            "children": <p>
              © 
              2018
              , All rights reserved.
              <Link
                href="/"
                replace={false}
                to="/"
              >
                 
                Boots Events Manager
              </Link>
            </p>,
            "className": "center-align",
          },
          "ref": null,
          "rendered": Object {
            "instance": null,
            "key": undefined,
            "nodeType": "host",
            "props": Object {
              "children": Array [
                "© ",
                2018,
                ", All rights reserved.",
                <Link
                  href="/"
                  replace={false}
                  to="/"
                >
                   
                  Boots Events Manager
                </Link>,
              ],
            },
            "ref": null,
            "rendered": Array [
              "© ",
              2018,
              ", All rights reserved.",
              Object {
                "instance": null,
                "key": undefined,
                "nodeType": "class",
                "props": Object {
                  "children": Array [
                    " ",
                    "Boots Events Manager",
                  ],
                  "href": "/",
                  "replace": false,
                  "to": "/",
                },
                "ref": null,
                "rendered": Array [
                  " ",
                  "Boots Events Manager",
                ],
                "type": [Function],
              },
            ],
            "type": "p",
          },
          "type": "div",
        },
        "type": "div",
      },
      "type": "div",
    },
  ],
  Symbol(enzyme.__options__): Object {
    "adapter": ReactSixteenAdapter {
      "options": Object {
        "enableComponentDidUpdateOnSetState": true,
      },
    },
  },
}
`;
