// Jest Snapshot v1, https://goo.gl/fbAQLP

exports[`CurrentEventForCenter component component should mount 1`] = `
ShallowWrapper {
  "length": 1,
  Symbol(enzyme.__root__): [Circular],
  Symbol(enzyme.__unrendered__): <CurrentEventForCenter
    events={
      Array [
        Object {
          "capacity": 1500,
          "description": "and description 1",
          "id": 1,
          "price": 20000,
          "title": "this is center 1",
        },
        Object {
          "capacity": 200,
          "description": "and description 1",
          "id": 2,
          "price": 300000,
          "title": "this is center 4",
        },
        Object {
          "capacity": 600,
          "description": "and description 1",
          "id": 3,
          "price": 150000,
          "title": "this is center 1",
        },
        Object {
          "capacity": 1000,
          "description": "and description 1",
          "id": 4,
          "price": 60000,
          "title": "this is center 1",
        },
      ]
    }
    handleStatusEventAction={[Function]}
    isAdmin={true}
  />,
  Symbol(enzyme.__renderer__): Object {
    "batchedUpdates": [Function],
    "getNode": [Function],
    "render": [Function],
    "simulateEvent": [Function],
    "unmount": [Function],
  },
  Symbol(enzyme.__node__): Object {
    "instance": null,
    "key": undefined,
    "nodeType": "host",
    "props": Object {
      "children": Array [
        <li
          className="collection-header"
        >
          <h6
            style={
              Object {
                "fontWeight": "bolder",
              }
            }
          >
            Dates booked for this Center
          </h6>
        </li>,
        Array [
          <li
            className="collection-item"
            id="collection-item-0"
            style={
              Object {
                "fontSize": "13px",
              }
            }
          >
            Invalid Date - Invalid Date
            <div
              className="status-btns"
            >
              <span>
                <a
                  className="secondary-content red-text"
                  onClick={[Function]}
                >
                  <IconButton
                    disableTouchRipple={false}
                    disabled={false}
                    iconStyle={Object {}}
                    id="rejectEvent-0"
                    tooltip="Reject Event"
                    tooltipPosition="top-left"
                    touch={false}
                  >
                    <ContentClear
                      color="red"
                    />
                  </IconButton>
                </a>
              </span>
            </div>
            <Dialog
              actions={
                Array [
                  <FlatButton
                    disabled={false}
                    fullWidth={false}
                    id="yesRejectEvent"
                    label="Yes"
                    labelPosition="after"
                    labelStyle={Object {}}
                    onClick={[Function]}
                    onKeyboardFocus={[Function]}
                    onMouseEnter={[Function]}
                    onMouseLeave={[Function]}
                    onTouchStart={[Function]}
                    primary={true}
                    secondary={false}
                  />,
                  <FlatButton
                    disabled={false}
                    fullWidth={false}
                    id="noRejectEvent"
                    label="No"
                    labelPosition="after"
                    labelStyle={Object {}}
                    onClick={[Function]}
                    onKeyboardFocus={[Function]}
                    onMouseEnter={[Function]}
                    onMouseLeave={[Function]}
                    onTouchStart={[Function]}
                    primary={true}
                    secondary={false}
                  />,
                ]
              }
              autoDetectWindowHeight={true}
              autoScrollBodyContent={false}
              modal={false}
              onRequestClose={[Function]}
              open={false}
              repositionOnUpdate={true}
            >
              <h5>
                Are you sure you want to reject this event?
              </h5>
            </Dialog>
          </li>,
          <li
            className="collection-item"
            id="collection-item-1"
            style={
              Object {
                "fontSize": "13px",
              }
            }
          >
            Invalid Date - Invalid Date
            <div
              className="status-btns"
            >
              <span>
                <a
                  className="secondary-content red-text"
                  onClick={[Function]}
                >
                  <IconButton
                    disableTouchRipple={false}
                    disabled={false}
                    iconStyle={Object {}}
                    id="rejectEvent-1"
                    tooltip="Reject Event"
                    tooltipPosition="top-left"
                    touch={false}
                  >
                    <ContentClear
                      color="red"
                    />
                  </IconButton>
                </a>
              </span>
            </div>
            <Dialog
              actions={
                Array [
                  <FlatButton
                    disabled={false}
                    fullWidth={false}
                    id="yesRejectEvent"
                    label="Yes"
                    labelPosition="after"
                    labelStyle={Object {}}
                    onClick={[Function]}
                    onKeyboardFocus={[Function]}
                    onMouseEnter={[Function]}
                    onMouseLeave={[Function]}
                    onTouchStart={[Function]}
                    primary={true}
                    secondary={false}
                  />,
                  <FlatButton
                    disabled={false}
                    fullWidth={false}
                    id="noRejectEvent"
                    label="No"
                    labelPosition="after"
                    labelStyle={Object {}}
                    onClick={[Function]}
                    onKeyboardFocus={[Function]}
                    onMouseEnter={[Function]}
                    onMouseLeave={[Function]}
                    onTouchStart={[Function]}
                    primary={true}
                    secondary={false}
                  />,
                ]
              }
              autoDetectWindowHeight={true}
              autoScrollBodyContent={false}
              modal={false}
              onRequestClose={[Function]}
              open={false}
              repositionOnUpdate={true}
            >
              <h5>
                Are you sure you want to reject this event?
              </h5>
            </Dialog>
          </li>,
          <li
            className="collection-item"
            id="collection-item-2"
            style={
              Object {
                "fontSize": "13px",
              }
            }
          >
            Invalid Date - Invalid Date
            <div
              className="status-btns"
            >
              <span>
                <a
                  className="secondary-content red-text"
                  onClick={[Function]}
                >
                  <IconButton
                    disableTouchRipple={false}
                    disabled={false}
                    iconStyle={Object {}}
                    id="rejectEvent-2"
                    tooltip="Reject Event"
                    tooltipPosition="top-left"
                    touch={false}
                  >
                    <ContentClear
                      color="red"
                    />
                  </IconButton>
                </a>
              </span>
            </div>
            <Dialog
              actions={
                Array [
                  <FlatButton
                    disabled={false}
                    fullWidth={false}
                    id="yesRejectEvent"
                    label="Yes"
                    labelPosition="after"
                    labelStyle={Object {}}
                    onClick={[Function]}
                    onKeyboardFocus={[Function]}
                    onMouseEnter={[Function]}
                    onMouseLeave={[Function]}
                    onTouchStart={[Function]}
                    primary={true}
                    secondary={false}
                  />,
                  <FlatButton
                    disabled={false}
                    fullWidth={false}
                    id="noRejectEvent"
                    label="No"
                    labelPosition="after"
                    labelStyle={Object {}}
                    onClick={[Function]}
                    onKeyboardFocus={[Function]}
                    onMouseEnter={[Function]}
                    onMouseLeave={[Function]}
                    onTouchStart={[Function]}
                    primary={true}
                    secondary={false}
                  />,
                ]
              }
              autoDetectWindowHeight={true}
              autoScrollBodyContent={false}
              modal={false}
              onRequestClose={[Function]}
              open={false}
              repositionOnUpdate={true}
            >
              <h5>
                Are you sure you want to reject this event?
              </h5>
            </Dialog>
          </li>,
          <li
            className="collection-item"
            id="collection-item-3"
            style={
              Object {
                "fontSize": "13px",
              }
            }
          >
            Invalid Date - Invalid Date
            <div
              className="status-btns"
            >
              <span>
                <a
                  className="secondary-content red-text"
                  onClick={[Function]}
                >
                  <IconButton
                    disableTouchRipple={false}
                    disabled={false}
                    iconStyle={Object {}}
                    id="rejectEvent-3"
                    tooltip="Reject Event"
                    tooltipPosition="top-left"
                    touch={false}
                  >
                    <ContentClear
                      color="red"
                    />
                  </IconButton>
                </a>
              </span>
            </div>
            <Dialog
              actions={
                Array [
                  <FlatButton
                    disabled={false}
                    fullWidth={false}
                    id="yesRejectEvent"
                    label="Yes"
                    labelPosition="after"
                    labelStyle={Object {}}
                    onClick={[Function]}
                    onKeyboardFocus={[Function]}
                    onMouseEnter={[Function]}
                    onMouseLeave={[Function]}
                    onTouchStart={[Function]}
                    primary={true}
                    secondary={false}
                  />,
                  <FlatButton
                    disabled={false}
                    fullWidth={false}
                    id="noRejectEvent"
                    label="No"
                    labelPosition="after"
                    labelStyle={Object {}}
                    onClick={[Function]}
                    onKeyboardFocus={[Function]}
                    onMouseEnter={[Function]}
                    onMouseLeave={[Function]}
                    onTouchStart={[Function]}
                    primary={true}
                    secondary={false}
                  />,
                ]
              }
              autoDetectWindowHeight={true}
              autoScrollBodyContent={false}
              modal={false}
              onRequestClose={[Function]}
              open={false}
              repositionOnUpdate={true}
            >
              <h5>
                Are you sure you want to reject this event?
              </h5>
            </Dialog>
          </li>,
        ],
      ],
      "className": "collection with-header",
    },
    "ref": null,
    "rendered": Array [
      Object {
        "instance": null,
        "key": undefined,
        "nodeType": "host",
        "props": Object {
          "children": <h6
            style={
              Object {
                "fontWeight": "bolder",
              }
            }
          >
            Dates booked for this Center
          </h6>,
          "className": "collection-header",
        },
        "ref": null,
        "rendered": Object {
          "instance": null,
          "key": undefined,
          "nodeType": "host",
          "props": Object {
            "children": "Dates booked for this Center",
            "style": Object {
              "fontWeight": "bolder",
            },
          },
          "ref": null,
          "rendered": "Dates booked for this Center",
          "type": "h6",
        },
        "type": "li",
      },
      Object {
        "instance": null,
        "key": "SkSfOSnlX",
        "nodeType": "host",
        "props": Object {
          "children": Array [
            "Invalid Date - Invalid Date",
            <div
              className="status-btns"
            >
              <span>
                <a
                  className="secondary-content red-text"
                  onClick={[Function]}
                >
                  <IconButton
                    disableTouchRipple={false}
                    disabled={false}
                    iconStyle={Object {}}
                    id="rejectEvent-0"
                    tooltip="Reject Event"
                    tooltipPosition="top-left"
                    touch={false}
                  >
                    <ContentClear
                      color="red"
                    />
                  </IconButton>
                </a>
              </span>
            </div>,
            <Dialog
              actions={
                Array [
                  <FlatButton
                    disabled={false}
                    fullWidth={false}
                    id="yesRejectEvent"
                    label="Yes"
                    labelPosition="after"
                    labelStyle={Object {}}
                    onClick={[Function]}
                    onKeyboardFocus={[Function]}
                    onMouseEnter={[Function]}
                    onMouseLeave={[Function]}
                    onTouchStart={[Function]}
                    primary={true}
                    secondary={false}
                  />,
                  <FlatButton
                    disabled={false}
                    fullWidth={false}
                    id="noRejectEvent"
                    label="No"
                    labelPosition="after"
                    labelStyle={Object {}}
                    onClick={[Function]}
                    onKeyboardFocus={[Function]}
                    onMouseEnter={[Function]}
                    onMouseLeave={[Function]}
                    onTouchStart={[Function]}
                    primary={true}
                    secondary={false}
                  />,
                ]
              }
              autoDetectWindowHeight={true}
              autoScrollBodyContent={false}
              modal={false}
              onRequestClose={[Function]}
              open={false}
              repositionOnUpdate={true}
            >
              <h5>
                Are you sure you want to reject this event?
              </h5>
            </Dialog>,
          ],
          "className": "collection-item",
          "id": "collection-item-0",
          "style": Object {
            "fontSize": "13px",
          },
        },
        "ref": null,
        "rendered": Array [
          "Invalid Date - Invalid Date",
          Object {
            "instance": null,
            "key": undefined,
            "nodeType": "host",
            "props": Object {
              "children": <span>
                <a
                  className="secondary-content red-text"
                  onClick={[Function]}
                >
                  <IconButton
                    disableTouchRipple={false}
                    disabled={false}
                    iconStyle={Object {}}
                    id="rejectEvent-0"
                    tooltip="Reject Event"
                    tooltipPosition="top-left"
                    touch={false}
                  >
                    <ContentClear
                      color="red"
                    />
                  </IconButton>
                </a>
              </span>,
              "className": "status-btns",
            },
            "ref": null,
            "rendered": Object {
              "instance": null,
              "key": undefined,
              "nodeType": "host",
              "props": Object {
                "children": <a
                  className="secondary-content red-text"
                  onClick={[Function]}
                >
                  <IconButton
                    disableTouchRipple={false}
                    disabled={false}
                    iconStyle={Object {}}
                    id="rejectEvent-0"
                    tooltip="Reject Event"
                    tooltipPosition="top-left"
                    touch={false}
                  >
                    <ContentClear
                      color="red"
                    />
                  </IconButton>
                </a>,
              },
              "ref": null,
              "rendered": Object {
                "instance": null,
                "key": undefined,
                "nodeType": "host",
                "props": Object {
                  "children": <IconButton
                    disableTouchRipple={false}
                    disabled={false}
                    iconStyle={Object {}}
                    id="rejectEvent-0"
                    tooltip="Reject Event"
                    tooltipPosition="top-left"
                    touch={false}
                  >
                    <ContentClear
                      color="red"
                    />
                  </IconButton>,
                  "className": "secondary-content red-text",
                  "onClick": [Function],
                },
                "ref": null,
                "rendered": Object {
                  "instance": null,
                  "key": undefined,
                  "nodeType": "class",
                  "props": Object {
                    "children": <ContentClear
                      color="red"
                    />,
                    "disableTouchRipple": false,
                    "disabled": false,
                    "iconStyle": Object {},
                    "id": "rejectEvent-0",
                    "tooltip": "Reject Event",
                    "tooltipPosition": "top-left",
                    "touch": false,
                  },
                  "ref": null,
                  "rendered": Object {
                    "instance": null,
                    "key": undefined,
                    "nodeType": "class",
                    "props": Object {
                      "color": "red",
                    },
                    "ref": null,
                    "rendered": null,
                    "type": [Function],
                  },
                  "type": [Function],
                },
                "type": "a",
              },
              "type": "span",
            },
            "type": "div",
          },
          Object {
            "instance": null,
            "key": undefined,
            "nodeType": "class",
            "props": Object {
              "actions": Array [
                <FlatButton
                  disabled={false}
                  fullWidth={false}
                  id="yesRejectEvent"
                  label="Yes"
                  labelPosition="after"
                  labelStyle={Object {}}
                  onClick={[Function]}
                  onKeyboardFocus={[Function]}
                  onMouseEnter={[Function]}
                  onMouseLeave={[Function]}
                  onTouchStart={[Function]}
                  primary={true}
                  secondary={false}
                />,
                <FlatButton
                  disabled={false}
                  fullWidth={false}
                  id="noRejectEvent"
                  label="No"
                  labelPosition="after"
                  labelStyle={Object {}}
                  onClick={[Function]}
                  onKeyboardFocus={[Function]}
                  onMouseEnter={[Function]}
                  onMouseLeave={[Function]}
                  onTouchStart={[Function]}
                  primary={true}
                  secondary={false}
                />,
              ],
              "autoDetectWindowHeight": true,
              "autoScrollBodyContent": false,
              "children": <h5>
                Are you sure you want to reject this event?
              </h5>,
              "modal": false,
              "onRequestClose": [Function],
              "open": false,
              "repositionOnUpdate": true,
            },
            "ref": null,
            "rendered": Object {
              "instance": null,
              "key": undefined,
              "nodeType": "host",
              "props": Object {
                "children": "Are you sure you want to reject this event?",
              },
              "ref": null,
              "rendered": "Are you sure you want to reject this event?",
              "type": "h5",
            },
            "type": [Function],
          },
        ],
        "type": "li",
      },
      Object {
        "instance": null,
        "key": "rJlrGOrhgQ",
        "nodeType": "host",
        "props": Object {
          "children": Array [
            "Invalid Date - Invalid Date",
            <div
              className="status-btns"
            >
              <span>
                <a
                  className="secondary-content red-text"
                  onClick={[Function]}
                >
                  <IconButton
                    disableTouchRipple={false}
                    disabled={false}
                    iconStyle={Object {}}
                    id="rejectEvent-1"
                    tooltip="Reject Event"
                    tooltipPosition="top-left"
                    touch={false}
                  >
                    <ContentClear
                      color="red"
                    />
                  </IconButton>
                </a>
              </span>
            </div>,
            <Dialog
              actions={
                Array [
                  <FlatButton
                    disabled={false}
                    fullWidth={false}
                    id="yesRejectEvent"
                    label="Yes"
                    labelPosition="after"
                    labelStyle={Object {}}
                    onClick={[Function]}
                    onKeyboardFocus={[Function]}
                    onMouseEnter={[Function]}
                    onMouseLeave={[Function]}
                    onTouchStart={[Function]}
                    primary={true}
                    secondary={false}
                  />,
                  <FlatButton
                    disabled={false}
                    fullWidth={false}
                    id="noRejectEvent"
                    label="No"
                    labelPosition="after"
                    labelStyle={Object {}}
                    onClick={[Function]}
                    onKeyboardFocus={[Function]}
                    onMouseEnter={[Function]}
                    onMouseLeave={[Function]}
                    onTouchStart={[Function]}
                    primary={true}
                    secondary={false}
                  />,
                ]
              }
              autoDetectWindowHeight={true}
              autoScrollBodyContent={false}
              modal={false}
              onRequestClose={[Function]}
              open={false}
              repositionOnUpdate={true}
            >
              <h5>
                Are you sure you want to reject this event?
              </h5>
            </Dialog>,
          ],
          "className": "collection-item",
          "id": "collection-item-1",
          "style": Object {
            "fontSize": "13px",
          },
        },
        "ref": null,
        "rendered": Array [
          "Invalid Date - Invalid Date",
          Object {
            "instance": null,
            "key": undefined,
            "nodeType": "host",
            "props": Object {
              "children": <span>
                <a
                  className="secondary-content red-text"
                  onClick={[Function]}
                >
                  <IconButton
                    disableTouchRipple={false}
                    disabled={false}
                    iconStyle={Object {}}
                    id="rejectEvent-1"
                    tooltip="Reject Event"
                    tooltipPosition="top-left"
                    touch={false}
                  >
                    <ContentClear
                      color="red"
                    />
                  </IconButton>
                </a>
              </span>,
              "className": "status-btns",
            },
            "ref": null,
            "rendered": Object {
              "instance": null,
              "key": undefined,
              "nodeType": "host",
              "props": Object {
                "children": <a
                  className="secondary-content red-text"
                  onClick={[Function]}
                >
                  <IconButton
                    disableTouchRipple={false}
                    disabled={false}
                    iconStyle={Object {}}
                    id="rejectEvent-1"
                    tooltip="Reject Event"
                    tooltipPosition="top-left"
                    touch={false}
                  >
                    <ContentClear
                      color="red"
                    />
                  </IconButton>
                </a>,
              },
              "ref": null,
              "rendered": Object {
                "instance": null,
                "key": undefined,
                "nodeType": "host",
                "props": Object {
                  "children": <IconButton
                    disableTouchRipple={false}
                    disabled={false}
                    iconStyle={Object {}}
                    id="rejectEvent-1"
                    tooltip="Reject Event"
                    tooltipPosition="top-left"
                    touch={false}
                  >
                    <ContentClear
                      color="red"
                    />
                  </IconButton>,
                  "className": "secondary-content red-text",
                  "onClick": [Function],
                },
                "ref": null,
                "rendered": Object {
                  "instance": null,
                  "key": undefined,
                  "nodeType": "class",
                  "props": Object {
                    "children": <ContentClear
                      color="red"
                    />,
                    "disableTouchRipple": false,
                    "disabled": false,
                    "iconStyle": Object {},
                    "id": "rejectEvent-1",
                    "tooltip": "Reject Event",
                    "tooltipPosition": "top-left",
                    "touch": false,
                  },
                  "ref": null,
                  "rendered": Object {
                    "instance": null,
                    "key": undefined,
                    "nodeType": "class",
                    "props": Object {
                      "color": "red",
                    },
                    "ref": null,
                    "rendered": null,
                    "type": [Function],
                  },
                  "type": [Function],
                },
                "type": "a",
              },
              "type": "span",
            },
            "type": "div",
          },
          Object {
            "instance": null,
            "key": undefined,
            "nodeType": "class",
            "props": Object {
              "actions": Array [
                <FlatButton
                  disabled={false}
                  fullWidth={false}
                  id="yesRejectEvent"
                  label="Yes"
                  labelPosition="after"
                  labelStyle={Object {}}
                  onClick={[Function]}
                  onKeyboardFocus={[Function]}
                  onMouseEnter={[Function]}
                  onMouseLeave={[Function]}
                  onTouchStart={[Function]}
                  primary={true}
                  secondary={false}
                />,
                <FlatButton
                  disabled={false}
                  fullWidth={false}
                  id="noRejectEvent"
                  label="No"
                  labelPosition="after"
                  labelStyle={Object {}}
                  onClick={[Function]}
                  onKeyboardFocus={[Function]}
                  onMouseEnter={[Function]}
                  onMouseLeave={[Function]}
                  onTouchStart={[Function]}
                  primary={true}
                  secondary={false}
                />,
              ],
              "autoDetectWindowHeight": true,
              "autoScrollBodyContent": false,
              "children": <h5>
                Are you sure you want to reject this event?
              </h5>,
              "modal": false,
              "onRequestClose": [Function],
              "open": false,
              "repositionOnUpdate": true,
            },
            "ref": null,
            "rendered": Object {
              "instance": null,
              "key": undefined,
              "nodeType": "host",
              "props": Object {
                "children": "Are you sure you want to reject this event?",
              },
              "ref": null,
              "rendered": "Are you sure you want to reject this event?",
              "type": "h5",
            },
            "type": [Function],
          },
        ],
        "type": "li",
      },
      Object {
        "instance": null,
        "key": "Hy-HGdrngX",
        "nodeType": "host",
        "props": Object {
          "children": Array [
            "Invalid Date - Invalid Date",
            <div
              className="status-btns"
            >
              <span>
                <a
                  className="secondary-content red-text"
                  onClick={[Function]}
                >
                  <IconButton
                    disableTouchRipple={false}
                    disabled={false}
                    iconStyle={Object {}}
                    id="rejectEvent-2"
                    tooltip="Reject Event"
                    tooltipPosition="top-left"
                    touch={false}
                  >
                    <ContentClear
                      color="red"
                    />
                  </IconButton>
                </a>
              </span>
            </div>,
            <Dialog
              actions={
                Array [
                  <FlatButton
                    disabled={false}
                    fullWidth={false}
                    id="yesRejectEvent"
                    label="Yes"
                    labelPosition="after"
                    labelStyle={Object {}}
                    onClick={[Function]}
                    onKeyboardFocus={[Function]}
                    onMouseEnter={[Function]}
                    onMouseLeave={[Function]}
                    onTouchStart={[Function]}
                    primary={true}
                    secondary={false}
                  />,
                  <FlatButton
                    disabled={false}
                    fullWidth={false}
                    id="noRejectEvent"
                    label="No"
                    labelPosition="after"
                    labelStyle={Object {}}
                    onClick={[Function]}
                    onKeyboardFocus={[Function]}
                    onMouseEnter={[Function]}
                    onMouseLeave={[Function]}
                    onTouchStart={[Function]}
                    primary={true}
                    secondary={false}
                  />,
                ]
              }
              autoDetectWindowHeight={true}
              autoScrollBodyContent={false}
              modal={false}
              onRequestClose={[Function]}
              open={false}
              repositionOnUpdate={true}
            >
              <h5>
                Are you sure you want to reject this event?
              </h5>
            </Dialog>,
          ],
          "className": "collection-item",
          "id": "collection-item-2",
          "style": Object {
            "fontSize": "13px",
          },
        },
        "ref": null,
        "rendered": Array [
          "Invalid Date - Invalid Date",
          Object {
            "instance": null,
            "key": undefined,
            "nodeType": "host",
            "props": Object {
              "children": <span>
                <a
                  className="secondary-content red-text"
                  onClick={[Function]}
                >
                  <IconButton
                    disableTouchRipple={false}
                    disabled={false}
                    iconStyle={Object {}}
                    id="rejectEvent-2"
                    tooltip="Reject Event"
                    tooltipPosition="top-left"
                    touch={false}
                  >
                    <ContentClear
                      color="red"
                    />
                  </IconButton>
                </a>
              </span>,
              "className": "status-btns",
            },
            "ref": null,
            "rendered": Object {
              "instance": null,
              "key": undefined,
              "nodeType": "host",
              "props": Object {
                "children": <a
                  className="secondary-content red-text"
                  onClick={[Function]}
                >
                  <IconButton
                    disableTouchRipple={false}
                    disabled={false}
                    iconStyle={Object {}}
                    id="rejectEvent-2"
                    tooltip="Reject Event"
                    tooltipPosition="top-left"
                    touch={false}
                  >
                    <ContentClear
                      color="red"
                    />
                  </IconButton>
                </a>,
              },
              "ref": null,
              "rendered": Object {
                "instance": null,
                "key": undefined,
                "nodeType": "host",
                "props": Object {
                  "children": <IconButton
                    disableTouchRipple={false}
                    disabled={false}
                    iconStyle={Object {}}
                    id="rejectEvent-2"
                    tooltip="Reject Event"
                    tooltipPosition="top-left"
                    touch={false}
                  >
                    <ContentClear
                      color="red"
                    />
                  </IconButton>,
                  "className": "secondary-content red-text",
                  "onClick": [Function],
                },
                "ref": null,
                "rendered": Object {
                  "instance": null,
                  "key": undefined,
                  "nodeType": "class",
                  "props": Object {
                    "children": <ContentClear
                      color="red"
                    />,
                    "disableTouchRipple": false,
                    "disabled": false,
                    "iconStyle": Object {},
                    "id": "rejectEvent-2",
                    "tooltip": "Reject Event",
                    "tooltipPosition": "top-left",
                    "touch": false,
                  },
                  "ref": null,
                  "rendered": Object {
                    "instance": null,
                    "key": undefined,
                    "nodeType": "class",
                    "props": Object {
                      "color": "red",
                    },
                    "ref": null,
                    "rendered": null,
                    "type": [Function],
                  },
                  "type": [Function],
                },
                "type": "a",
              },
              "type": "span",
            },
            "type": "div",
          },
          Object {
            "instance": null,
            "key": undefined,
            "nodeType": "class",
            "props": Object {
              "actions": Array [
                <FlatButton
                  disabled={false}
                  fullWidth={false}
                  id="yesRejectEvent"
                  label="Yes"
                  labelPosition="after"
                  labelStyle={Object {}}
                  onClick={[Function]}
                  onKeyboardFocus={[Function]}
                  onMouseEnter={[Function]}
                  onMouseLeave={[Function]}
                  onTouchStart={[Function]}
                  primary={true}
                  secondary={false}
                />,
                <FlatButton
                  disabled={false}
                  fullWidth={false}
                  id="noRejectEvent"
                  label="No"
                  labelPosition="after"
                  labelStyle={Object {}}
                  onClick={[Function]}
                  onKeyboardFocus={[Function]}
                  onMouseEnter={[Function]}
                  onMouseLeave={[Function]}
                  onTouchStart={[Function]}
                  primary={true}
                  secondary={false}
                />,
              ],
              "autoDetectWindowHeight": true,
              "autoScrollBodyContent": false,
              "children": <h5>
                Are you sure you want to reject this event?
              </h5>,
              "modal": false,
              "onRequestClose": [Function],
              "open": false,
              "repositionOnUpdate": true,
            },
            "ref": null,
            "rendered": Object {
              "instance": null,
              "key": undefined,
              "nodeType": "host",
              "props": Object {
                "children": "Are you sure you want to reject this event?",
              },
              "ref": null,
              "rendered": "Are you sure you want to reject this event?",
              "type": "h5",
            },
            "type": [Function],
          },
        ],
        "type": "li",
      },
      Object {
        "instance": null,
        "key": "SJfrzdSngX",
        "nodeType": "host",
        "props": Object {
          "children": Array [
            "Invalid Date - Invalid Date",
            <div
              className="status-btns"
            >
              <span>
                <a
                  className="secondary-content red-text"
                  onClick={[Function]}
                >
                  <IconButton
                    disableTouchRipple={false}
                    disabled={false}
                    iconStyle={Object {}}
                    id="rejectEvent-3"
                    tooltip="Reject Event"
                    tooltipPosition="top-left"
                    touch={false}
                  >
                    <ContentClear
                      color="red"
                    />
                  </IconButton>
                </a>
              </span>
            </div>,
            <Dialog
              actions={
                Array [
                  <FlatButton
                    disabled={false}
                    fullWidth={false}
                    id="yesRejectEvent"
                    label="Yes"
                    labelPosition="after"
                    labelStyle={Object {}}
                    onClick={[Function]}
                    onKeyboardFocus={[Function]}
                    onMouseEnter={[Function]}
                    onMouseLeave={[Function]}
                    onTouchStart={[Function]}
                    primary={true}
                    secondary={false}
                  />,
                  <FlatButton
                    disabled={false}
                    fullWidth={false}
                    id="noRejectEvent"
                    label="No"
                    labelPosition="after"
                    labelStyle={Object {}}
                    onClick={[Function]}
                    onKeyboardFocus={[Function]}
                    onMouseEnter={[Function]}
                    onMouseLeave={[Function]}
                    onTouchStart={[Function]}
                    primary={true}
                    secondary={false}
                  />,
                ]
              }
              autoDetectWindowHeight={true}
              autoScrollBodyContent={false}
              modal={false}
              onRequestClose={[Function]}
              open={false}
              repositionOnUpdate={true}
            >
              <h5>
                Are you sure you want to reject this event?
              </h5>
            </Dialog>,
          ],
          "className": "collection-item",
          "id": "collection-item-3",
          "style": Object {
            "fontSize": "13px",
          },
        },
        "ref": null,
        "rendered": Array [
          "Invalid Date - Invalid Date",
          Object {
            "instance": null,
            "key": undefined,
            "nodeType": "host",
            "props": Object {
              "children": <span>
                <a
                  className="secondary-content red-text"
                  onClick={[Function]}
                >
                  <IconButton
                    disableTouchRipple={false}
                    disabled={false}
                    iconStyle={Object {}}
                    id="rejectEvent-3"
                    tooltip="Reject Event"
                    tooltipPosition="top-left"
                    touch={false}
                  >
                    <ContentClear
                      color="red"
                    />
                  </IconButton>
                </a>
              </span>,
              "className": "status-btns",
            },
            "ref": null,
            "rendered": Object {
              "instance": null,
              "key": undefined,
              "nodeType": "host",
              "props": Object {
                "children": <a
                  className="secondary-content red-text"
                  onClick={[Function]}
                >
                  <IconButton
                    disableTouchRipple={false}
                    disabled={false}
                    iconStyle={Object {}}
                    id="rejectEvent-3"
                    tooltip="Reject Event"
                    tooltipPosition="top-left"
                    touch={false}
                  >
                    <ContentClear
                      color="red"
                    />
                  </IconButton>
                </a>,
              },
              "ref": null,
              "rendered": Object {
                "instance": null,
                "key": undefined,
                "nodeType": "host",
                "props": Object {
                  "children": <IconButton
                    disableTouchRipple={false}
                    disabled={false}
                    iconStyle={Object {}}
                    id="rejectEvent-3"
                    tooltip="Reject Event"
                    tooltipPosition="top-left"
                    touch={false}
                  >
                    <ContentClear
                      color="red"
                    />
                  </IconButton>,
                  "className": "secondary-content red-text",
                  "onClick": [Function],
                },
                "ref": null,
                "rendered": Object {
                  "instance": null,
                  "key": undefined,
                  "nodeType": "class",
                  "props": Object {
                    "children": <ContentClear
                      color="red"
                    />,
                    "disableTouchRipple": false,
                    "disabled": false,
                    "iconStyle": Object {},
                    "id": "rejectEvent-3",
                    "tooltip": "Reject Event",
                    "tooltipPosition": "top-left",
                    "touch": false,
                  },
                  "ref": null,
                  "rendered": Object {
                    "instance": null,
                    "key": undefined,
                    "nodeType": "class",
                    "props": Object {
                      "color": "red",
                    },
                    "ref": null,
                    "rendered": null,
                    "type": [Function],
                  },
                  "type": [Function],
                },
                "type": "a",
              },
              "type": "span",
            },
            "type": "div",
          },
          Object {
            "instance": null,
            "key": undefined,
            "nodeType": "class",
            "props": Object {
              "actions": Array [
                <FlatButton
                  disabled={false}
                  fullWidth={false}
                  id="yesRejectEvent"
                  label="Yes"
                  labelPosition="after"
                  labelStyle={Object {}}
                  onClick={[Function]}
                  onKeyboardFocus={[Function]}
                  onMouseEnter={[Function]}
                  onMouseLeave={[Function]}
                  onTouchStart={[Function]}
                  primary={true}
                  secondary={false}
                />,
                <FlatButton
                  disabled={false}
                  fullWidth={false}
                  id="noRejectEvent"
                  label="No"
                  labelPosition="after"
                  labelStyle={Object {}}
                  onClick={[Function]}
                  onKeyboardFocus={[Function]}
                  onMouseEnter={[Function]}
                  onMouseLeave={[Function]}
                  onTouchStart={[Function]}
                  primary={true}
                  secondary={false}
                />,
              ],
              "autoDetectWindowHeight": true,
              "autoScrollBodyContent": false,
              "children": <h5>
                Are you sure you want to reject this event?
              </h5>,
              "modal": false,
              "onRequestClose": [Function],
              "open": false,
              "repositionOnUpdate": true,
            },
            "ref": null,
            "rendered": Object {
              "instance": null,
              "key": undefined,
              "nodeType": "host",
              "props": Object {
                "children": "Are you sure you want to reject this event?",
              },
              "ref": null,
              "rendered": "Are you sure you want to reject this event?",
              "type": "h5",
            },
            "type": [Function],
          },
        ],
        "type": "li",
      },
    ],
    "type": "ul",
  },
  Symbol(enzyme.__nodes__): Array [
    Object {
      "instance": null,
      "key": undefined,
      "nodeType": "host",
      "props": Object {
        "children": Array [
          <li
            className="collection-header"
          >
            <h6
              style={
                Object {
                  "fontWeight": "bolder",
                }
              }
            >
              Dates booked for this Center
            </h6>
          </li>,
          Array [
            <li
              className="collection-item"
              id="collection-item-0"
              style={
                Object {
                  "fontSize": "13px",
                }
              }
            >
              Invalid Date - Invalid Date
              <div
                className="status-btns"
              >
                <span>
                  <a
                    className="secondary-content red-text"
                    onClick={[Function]}
                  >
                    <IconButton
                      disableTouchRipple={false}
                      disabled={false}
                      iconStyle={Object {}}
                      id="rejectEvent-0"
                      tooltip="Reject Event"
                      tooltipPosition="top-left"
                      touch={false}
                    >
                      <ContentClear
                        color="red"
                      />
                    </IconButton>
                  </a>
                </span>
              </div>
              <Dialog
                actions={
                  Array [
                    <FlatButton
                      disabled={false}
                      fullWidth={false}
                      id="yesRejectEvent"
                      label="Yes"
                      labelPosition="after"
                      labelStyle={Object {}}
                      onClick={[Function]}
                      onKeyboardFocus={[Function]}
                      onMouseEnter={[Function]}
                      onMouseLeave={[Function]}
                      onTouchStart={[Function]}
                      primary={true}
                      secondary={false}
                    />,
                    <FlatButton
                      disabled={false}
                      fullWidth={false}
                      id="noRejectEvent"
                      label="No"
                      labelPosition="after"
                      labelStyle={Object {}}
                      onClick={[Function]}
                      onKeyboardFocus={[Function]}
                      onMouseEnter={[Function]}
                      onMouseLeave={[Function]}
                      onTouchStart={[Function]}
                      primary={true}
                      secondary={false}
                    />,
                  ]
                }
                autoDetectWindowHeight={true}
                autoScrollBodyContent={false}
                modal={false}
                onRequestClose={[Function]}
                open={false}
                repositionOnUpdate={true}
              >
                <h5>
                  Are you sure you want to reject this event?
                </h5>
              </Dialog>
            </li>,
            <li
              className="collection-item"
              id="collection-item-1"
              style={
                Object {
                  "fontSize": "13px",
                }
              }
            >
              Invalid Date - Invalid Date
              <div
                className="status-btns"
              >
                <span>
                  <a
                    className="secondary-content red-text"
                    onClick={[Function]}
                  >
                    <IconButton
                      disableTouchRipple={false}
                      disabled={false}
                      iconStyle={Object {}}
                      id="rejectEvent-1"
                      tooltip="Reject Event"
                      tooltipPosition="top-left"
                      touch={false}
                    >
                      <ContentClear
                        color="red"
                      />
                    </IconButton>
                  </a>
                </span>
              </div>
              <Dialog
                actions={
                  Array [
                    <FlatButton
                      disabled={false}
                      fullWidth={false}
                      id="yesRejectEvent"
                      label="Yes"
                      labelPosition="after"
                      labelStyle={Object {}}
                      onClick={[Function]}
                      onKeyboardFocus={[Function]}
                      onMouseEnter={[Function]}
                      onMouseLeave={[Function]}
                      onTouchStart={[Function]}
                      primary={true}
                      secondary={false}
                    />,
                    <FlatButton
                      disabled={false}
                      fullWidth={false}
                      id="noRejectEvent"
                      label="No"
                      labelPosition="after"
                      labelStyle={Object {}}
                      onClick={[Function]}
                      onKeyboardFocus={[Function]}
                      onMouseEnter={[Function]}
                      onMouseLeave={[Function]}
                      onTouchStart={[Function]}
                      primary={true}
                      secondary={false}
                    />,
                  ]
                }
                autoDetectWindowHeight={true}
                autoScrollBodyContent={false}
                modal={false}
                onRequestClose={[Function]}
                open={false}
                repositionOnUpdate={true}
              >
                <h5>
                  Are you sure you want to reject this event?
                </h5>
              </Dialog>
            </li>,
            <li
              className="collection-item"
              id="collection-item-2"
              style={
                Object {
                  "fontSize": "13px",
                }
              }
            >
              Invalid Date - Invalid Date
              <div
                className="status-btns"
              >
                <span>
                  <a
                    className="secondary-content red-text"
                    onClick={[Function]}
                  >
                    <IconButton
                      disableTouchRipple={false}
                      disabled={false}
                      iconStyle={Object {}}
                      id="rejectEvent-2"
                      tooltip="Reject Event"
                      tooltipPosition="top-left"
                      touch={false}
                    >
                      <ContentClear
                        color="red"
                      />
                    </IconButton>
                  </a>
                </span>
              </div>
              <Dialog
                actions={
                  Array [
                    <FlatButton
                      disabled={false}
                      fullWidth={false}
                      id="yesRejectEvent"
                      label="Yes"
                      labelPosition="after"
                      labelStyle={Object {}}
                      onClick={[Function]}
                      onKeyboardFocus={[Function]}
                      onMouseEnter={[Function]}
                      onMouseLeave={[Function]}
                      onTouchStart={[Function]}
                      primary={true}
                      secondary={false}
                    />,
                    <FlatButton
                      disabled={false}
                      fullWidth={false}
                      id="noRejectEvent"
                      label="No"
                      labelPosition="after"
                      labelStyle={Object {}}
                      onClick={[Function]}
                      onKeyboardFocus={[Function]}
                      onMouseEnter={[Function]}
                      onMouseLeave={[Function]}
                      onTouchStart={[Function]}
                      primary={true}
                      secondary={false}
                    />,
                  ]
                }
                autoDetectWindowHeight={true}
                autoScrollBodyContent={false}
                modal={false}
                onRequestClose={[Function]}
                open={false}
                repositionOnUpdate={true}
              >
                <h5>
                  Are you sure you want to reject this event?
                </h5>
              </Dialog>
            </li>,
            <li
              className="collection-item"
              id="collection-item-3"
              style={
                Object {
                  "fontSize": "13px",
                }
              }
            >
              Invalid Date - Invalid Date
              <div
                className="status-btns"
              >
                <span>
                  <a
                    className="secondary-content red-text"
                    onClick={[Function]}
                  >
                    <IconButton
                      disableTouchRipple={false}
                      disabled={false}
                      iconStyle={Object {}}
                      id="rejectEvent-3"
                      tooltip="Reject Event"
                      tooltipPosition="top-left"
                      touch={false}
                    >
                      <ContentClear
                        color="red"
                      />
                    </IconButton>
                  </a>
                </span>
              </div>
              <Dialog
                actions={
                  Array [
                    <FlatButton
                      disabled={false}
                      fullWidth={false}
                      id="yesRejectEvent"
                      label="Yes"
                      labelPosition="after"
                      labelStyle={Object {}}
                      onClick={[Function]}
                      onKeyboardFocus={[Function]}
                      onMouseEnter={[Function]}
                      onMouseLeave={[Function]}
                      onTouchStart={[Function]}
                      primary={true}
                      secondary={false}
                    />,
                    <FlatButton
                      disabled={false}
                      fullWidth={false}
                      id="noRejectEvent"
                      label="No"
                      labelPosition="after"
                      labelStyle={Object {}}
                      onClick={[Function]}
                      onKeyboardFocus={[Function]}
                      onMouseEnter={[Function]}
                      onMouseLeave={[Function]}
                      onTouchStart={[Function]}
                      primary={true}
                      secondary={false}
                    />,
                  ]
                }
                autoDetectWindowHeight={true}
                autoScrollBodyContent={false}
                modal={false}
                onRequestClose={[Function]}
                open={false}
                repositionOnUpdate={true}
              >
                <h5>
                  Are you sure you want to reject this event?
                </h5>
              </Dialog>
            </li>,
          ],
        ],
        "className": "collection with-header",
      },
      "ref": null,
      "rendered": Array [
        Object {
          "instance": null,
          "key": undefined,
          "nodeType": "host",
          "props": Object {
            "children": <h6
              style={
                Object {
                  "fontWeight": "bolder",
                }
              }
            >
              Dates booked for this Center
            </h6>,
            "className": "collection-header",
          },
          "ref": null,
          "rendered": Object {
            "instance": null,
            "key": undefined,
            "nodeType": "host",
            "props": Object {
              "children": "Dates booked for this Center",
              "style": Object {
                "fontWeight": "bolder",
              },
            },
            "ref": null,
            "rendered": "Dates booked for this Center",
            "type": "h6",
          },
          "type": "li",
        },
        Object {
          "instance": null,
          "key": "SkSfOSnlX",
          "nodeType": "host",
          "props": Object {
            "children": Array [
              "Invalid Date - Invalid Date",
              <div
                className="status-btns"
              >
                <span>
                  <a
                    className="secondary-content red-text"
                    onClick={[Function]}
                  >
                    <IconButton
                      disableTouchRipple={false}
                      disabled={false}
                      iconStyle={Object {}}
                      id="rejectEvent-0"
                      tooltip="Reject Event"
                      tooltipPosition="top-left"
                      touch={false}
                    >
                      <ContentClear
                        color="red"
                      />
                    </IconButton>
                  </a>
                </span>
              </div>,
              <Dialog
                actions={
                  Array [
                    <FlatButton
                      disabled={false}
                      fullWidth={false}
                      id="yesRejectEvent"
                      label="Yes"
                      labelPosition="after"
                      labelStyle={Object {}}
                      onClick={[Function]}
                      onKeyboardFocus={[Function]}
                      onMouseEnter={[Function]}
                      onMouseLeave={[Function]}
                      onTouchStart={[Function]}
                      primary={true}
                      secondary={false}
                    />,
                    <FlatButton
                      disabled={false}
                      fullWidth={false}
                      id="noRejectEvent"
                      label="No"
                      labelPosition="after"
                      labelStyle={Object {}}
                      onClick={[Function]}
                      onKeyboardFocus={[Function]}
                      onMouseEnter={[Function]}
                      onMouseLeave={[Function]}
                      onTouchStart={[Function]}
                      primary={true}
                      secondary={false}
                    />,
                  ]
                }
                autoDetectWindowHeight={true}
                autoScrollBodyContent={false}
                modal={false}
                onRequestClose={[Function]}
                open={false}
                repositionOnUpdate={true}
              >
                <h5>
                  Are you sure you want to reject this event?
                </h5>
              </Dialog>,
            ],
            "className": "collection-item",
            "id": "collection-item-0",
            "style": Object {
              "fontSize": "13px",
            },
          },
          "ref": null,
          "rendered": Array [
            "Invalid Date - Invalid Date",
            Object {
              "instance": null,
              "key": undefined,
              "nodeType": "host",
              "props": Object {
                "children": <span>
                  <a
                    className="secondary-content red-text"
                    onClick={[Function]}
                  >
                    <IconButton
                      disableTouchRipple={false}
                      disabled={false}
                      iconStyle={Object {}}
                      id="rejectEvent-0"
                      tooltip="Reject Event"
                      tooltipPosition="top-left"
                      touch={false}
                    >
                      <ContentClear
                        color="red"
                      />
                    </IconButton>
                  </a>
                </span>,
                "className": "status-btns",
              },
              "ref": null,
              "rendered": Object {
                "instance": null,
                "key": undefined,
                "nodeType": "host",
                "props": Object {
                  "children": <a
                    className="secondary-content red-text"
                    onClick={[Function]}
                  >
                    <IconButton
                      disableTouchRipple={false}
                      disabled={false}
                      iconStyle={Object {}}
                      id="rejectEvent-0"
                      tooltip="Reject Event"
                      tooltipPosition="top-left"
                      touch={false}
                    >
                      <ContentClear
                        color="red"
                      />
                    </IconButton>
                  </a>,
                },
                "ref": null,
                "rendered": Object {
                  "instance": null,
                  "key": undefined,
                  "nodeType": "host",
                  "props": Object {
                    "children": <IconButton
                      disableTouchRipple={false}
                      disabled={false}
                      iconStyle={Object {}}
                      id="rejectEvent-0"
                      tooltip="Reject Event"
                      tooltipPosition="top-left"
                      touch={false}
                    >
                      <ContentClear
                        color="red"
                      />
                    </IconButton>,
                    "className": "secondary-content red-text",
                    "onClick": [Function],
                  },
                  "ref": null,
                  "rendered": Object {
                    "instance": null,
                    "key": undefined,
                    "nodeType": "class",
                    "props": Object {
                      "children": <ContentClear
                        color="red"
                      />,
                      "disableTouchRipple": false,
                      "disabled": false,
                      "iconStyle": Object {},
                      "id": "rejectEvent-0",
                      "tooltip": "Reject Event",
                      "tooltipPosition": "top-left",
                      "touch": false,
                    },
                    "ref": null,
                    "rendered": Object {
                      "instance": null,
                      "key": undefined,
                      "nodeType": "class",
                      "props": Object {
                        "color": "red",
                      },
                      "ref": null,
                      "rendered": null,
                      "type": [Function],
                    },
                    "type": [Function],
                  },
                  "type": "a",
                },
                "type": "span",
              },
              "type": "div",
            },
            Object {
              "instance": null,
              "key": undefined,
              "nodeType": "class",
              "props": Object {
                "actions": Array [
                  <FlatButton
                    disabled={false}
                    fullWidth={false}
                    id="yesRejectEvent"
                    label="Yes"
                    labelPosition="after"
                    labelStyle={Object {}}
                    onClick={[Function]}
                    onKeyboardFocus={[Function]}
                    onMouseEnter={[Function]}
                    onMouseLeave={[Function]}
                    onTouchStart={[Function]}
                    primary={true}
                    secondary={false}
                  />,
                  <FlatButton
                    disabled={false}
                    fullWidth={false}
                    id="noRejectEvent"
                    label="No"
                    labelPosition="after"
                    labelStyle={Object {}}
                    onClick={[Function]}
                    onKeyboardFocus={[Function]}
                    onMouseEnter={[Function]}
                    onMouseLeave={[Function]}
                    onTouchStart={[Function]}
                    primary={true}
                    secondary={false}
                  />,
                ],
                "autoDetectWindowHeight": true,
                "autoScrollBodyContent": false,
                "children": <h5>
                  Are you sure you want to reject this event?
                </h5>,
                "modal": false,
                "onRequestClose": [Function],
                "open": false,
                "repositionOnUpdate": true,
              },
              "ref": null,
              "rendered": Object {
                "instance": null,
                "key": undefined,
                "nodeType": "host",
                "props": Object {
                  "children": "Are you sure you want to reject this event?",
                },
                "ref": null,
                "rendered": "Are you sure you want to reject this event?",
                "type": "h5",
              },
              "type": [Function],
            },
          ],
          "type": "li",
        },
        Object {
          "instance": null,
          "key": "rJlrGOrhgQ",
          "nodeType": "host",
          "props": Object {
            "children": Array [
              "Invalid Date - Invalid Date",
              <div
                className="status-btns"
              >
                <span>
                  <a
                    className="secondary-content red-text"
                    onClick={[Function]}
                  >
                    <IconButton
                      disableTouchRipple={false}
                      disabled={false}
                      iconStyle={Object {}}
                      id="rejectEvent-1"
                      tooltip="Reject Event"
                      tooltipPosition="top-left"
                      touch={false}
                    >
                      <ContentClear
                        color="red"
                      />
                    </IconButton>
                  </a>
                </span>
              </div>,
              <Dialog
                actions={
                  Array [
                    <FlatButton
                      disabled={false}
                      fullWidth={false}
                      id="yesRejectEvent"
                      label="Yes"
                      labelPosition="after"
                      labelStyle={Object {}}
                      onClick={[Function]}
                      onKeyboardFocus={[Function]}
                      onMouseEnter={[Function]}
                      onMouseLeave={[Function]}
                      onTouchStart={[Function]}
                      primary={true}
                      secondary={false}
                    />,
                    <FlatButton
                      disabled={false}
                      fullWidth={false}
                      id="noRejectEvent"
                      label="No"
                      labelPosition="after"
                      labelStyle={Object {}}
                      onClick={[Function]}
                      onKeyboardFocus={[Function]}
                      onMouseEnter={[Function]}
                      onMouseLeave={[Function]}
                      onTouchStart={[Function]}
                      primary={true}
                      secondary={false}
                    />,
                  ]
                }
                autoDetectWindowHeight={true}
                autoScrollBodyContent={false}
                modal={false}
                onRequestClose={[Function]}
                open={false}
                repositionOnUpdate={true}
              >
                <h5>
                  Are you sure you want to reject this event?
                </h5>
              </Dialog>,
            ],
            "className": "collection-item",
            "id": "collection-item-1",
            "style": Object {
              "fontSize": "13px",
            },
          },
          "ref": null,
          "rendered": Array [
            "Invalid Date - Invalid Date",
            Object {
              "instance": null,
              "key": undefined,
              "nodeType": "host",
              "props": Object {
                "children": <span>
                  <a
                    className="secondary-content red-text"
                    onClick={[Function]}
                  >
                    <IconButton
                      disableTouchRipple={false}
                      disabled={false}
                      iconStyle={Object {}}
                      id="rejectEvent-1"
                      tooltip="Reject Event"
                      tooltipPosition="top-left"
                      touch={false}
                    >
                      <ContentClear
                        color="red"
                      />
                    </IconButton>
                  </a>
                </span>,
                "className": "status-btns",
              },
              "ref": null,
              "rendered": Object {
                "instance": null,
                "key": undefined,
                "nodeType": "host",
                "props": Object {
                  "children": <a
                    className="secondary-content red-text"
                    onClick={[Function]}
                  >
                    <IconButton
                      disableTouchRipple={false}
                      disabled={false}
                      iconStyle={Object {}}
                      id="rejectEvent-1"
                      tooltip="Reject Event"
                      tooltipPosition="top-left"
                      touch={false}
                    >
                      <ContentClear
                        color="red"
                      />
                    </IconButton>
                  </a>,
                },
                "ref": null,
                "rendered": Object {
                  "instance": null,
                  "key": undefined,
                  "nodeType": "host",
                  "props": Object {
                    "children": <IconButton
                      disableTouchRipple={false}
                      disabled={false}
                      iconStyle={Object {}}
                      id="rejectEvent-1"
                      tooltip="Reject Event"
                      tooltipPosition="top-left"
                      touch={false}
                    >
                      <ContentClear
                        color="red"
                      />
                    </IconButton>,
                    "className": "secondary-content red-text",
                    "onClick": [Function],
                  },
                  "ref": null,
                  "rendered": Object {
                    "instance": null,
                    "key": undefined,
                    "nodeType": "class",
                    "props": Object {
                      "children": <ContentClear
                        color="red"
                      />,
                      "disableTouchRipple": false,
                      "disabled": false,
                      "iconStyle": Object {},
                      "id": "rejectEvent-1",
                      "tooltip": "Reject Event",
                      "tooltipPosition": "top-left",
                      "touch": false,
                    },
                    "ref": null,
                    "rendered": Object {
                      "instance": null,
                      "key": undefined,
                      "nodeType": "class",
                      "props": Object {
                        "color": "red",
                      },
                      "ref": null,
                      "rendered": null,
                      "type": [Function],
                    },
                    "type": [Function],
                  },
                  "type": "a",
                },
                "type": "span",
              },
              "type": "div",
            },
            Object {
              "instance": null,
              "key": undefined,
              "nodeType": "class",
              "props": Object {
                "actions": Array [
                  <FlatButton
                    disabled={false}
                    fullWidth={false}
                    id="yesRejectEvent"
                    label="Yes"
                    labelPosition="after"
                    labelStyle={Object {}}
                    onClick={[Function]}
                    onKeyboardFocus={[Function]}
                    onMouseEnter={[Function]}
                    onMouseLeave={[Function]}
                    onTouchStart={[Function]}
                    primary={true}
                    secondary={false}
                  />,
                  <FlatButton
                    disabled={false}
                    fullWidth={false}
                    id="noRejectEvent"
                    label="No"
                    labelPosition="after"
                    labelStyle={Object {}}
                    onClick={[Function]}
                    onKeyboardFocus={[Function]}
                    onMouseEnter={[Function]}
                    onMouseLeave={[Function]}
                    onTouchStart={[Function]}
                    primary={true}
                    secondary={false}
                  />,
                ],
                "autoDetectWindowHeight": true,
                "autoScrollBodyContent": false,
                "children": <h5>
                  Are you sure you want to reject this event?
                </h5>,
                "modal": false,
                "onRequestClose": [Function],
                "open": false,
                "repositionOnUpdate": true,
              },
              "ref": null,
              "rendered": Object {
                "instance": null,
                "key": undefined,
                "nodeType": "host",
                "props": Object {
                  "children": "Are you sure you want to reject this event?",
                },
                "ref": null,
                "rendered": "Are you sure you want to reject this event?",
                "type": "h5",
              },
              "type": [Function],
            },
          ],
          "type": "li",
        },
        Object {
          "instance": null,
          "key": "Hy-HGdrngX",
          "nodeType": "host",
          "props": Object {
            "children": Array [
              "Invalid Date - Invalid Date",
              <div
                className="status-btns"
              >
                <span>
                  <a
                    className="secondary-content red-text"
                    onClick={[Function]}
                  >
                    <IconButton
                      disableTouchRipple={false}
                      disabled={false}
                      iconStyle={Object {}}
                      id="rejectEvent-2"
                      tooltip="Reject Event"
                      tooltipPosition="top-left"
                      touch={false}
                    >
                      <ContentClear
                        color="red"
                      />
                    </IconButton>
                  </a>
                </span>
              </div>,
              <Dialog
                actions={
                  Array [
                    <FlatButton
                      disabled={false}
                      fullWidth={false}
                      id="yesRejectEvent"
                      label="Yes"
                      labelPosition="after"
                      labelStyle={Object {}}
                      onClick={[Function]}
                      onKeyboardFocus={[Function]}
                      onMouseEnter={[Function]}
                      onMouseLeave={[Function]}
                      onTouchStart={[Function]}
                      primary={true}
                      secondary={false}
                    />,
                    <FlatButton
                      disabled={false}
                      fullWidth={false}
                      id="noRejectEvent"
                      label="No"
                      labelPosition="after"
                      labelStyle={Object {}}
                      onClick={[Function]}
                      onKeyboardFocus={[Function]}
                      onMouseEnter={[Function]}
                      onMouseLeave={[Function]}
                      onTouchStart={[Function]}
                      primary={true}
                      secondary={false}
                    />,
                  ]
                }
                autoDetectWindowHeight={true}
                autoScrollBodyContent={false}
                modal={false}
                onRequestClose={[Function]}
                open={false}
                repositionOnUpdate={true}
              >
                <h5>
                  Are you sure you want to reject this event?
                </h5>
              </Dialog>,
            ],
            "className": "collection-item",
            "id": "collection-item-2",
            "style": Object {
              "fontSize": "13px",
            },
          },
          "ref": null,
          "rendered": Array [
            "Invalid Date - Invalid Date",
            Object {
              "instance": null,
              "key": undefined,
              "nodeType": "host",
              "props": Object {
                "children": <span>
                  <a
                    className="secondary-content red-text"
                    onClick={[Function]}
                  >
                    <IconButton
                      disableTouchRipple={false}
                      disabled={false}
                      iconStyle={Object {}}
                      id="rejectEvent-2"
                      tooltip="Reject Event"
                      tooltipPosition="top-left"
                      touch={false}
                    >
                      <ContentClear
                        color="red"
                      />
                    </IconButton>
                  </a>
                </span>,
                "className": "status-btns",
              },
              "ref": null,
              "rendered": Object {
                "instance": null,
                "key": undefined,
                "nodeType": "host",
                "props": Object {
                  "children": <a
                    className="secondary-content red-text"
                    onClick={[Function]}
                  >
                    <IconButton
                      disableTouchRipple={false}
                      disabled={false}
                      iconStyle={Object {}}
                      id="rejectEvent-2"
                      tooltip="Reject Event"
                      tooltipPosition="top-left"
                      touch={false}
                    >
                      <ContentClear
                        color="red"
                      />
                    </IconButton>
                  </a>,
                },
                "ref": null,
                "rendered": Object {
                  "instance": null,
                  "key": undefined,
                  "nodeType": "host",
                  "props": Object {
                    "children": <IconButton
                      disableTouchRipple={false}
                      disabled={false}
                      iconStyle={Object {}}
                      id="rejectEvent-2"
                      tooltip="Reject Event"
                      tooltipPosition="top-left"
                      touch={false}
                    >
                      <ContentClear
                        color="red"
                      />
                    </IconButton>,
                    "className": "secondary-content red-text",
                    "onClick": [Function],
                  },
                  "ref": null,
                  "rendered": Object {
                    "instance": null,
                    "key": undefined,
                    "nodeType": "class",
                    "props": Object {
                      "children": <ContentClear
                        color="red"
                      />,
                      "disableTouchRipple": false,
                      "disabled": false,
                      "iconStyle": Object {},
                      "id": "rejectEvent-2",
                      "tooltip": "Reject Event",
                      "tooltipPosition": "top-left",
                      "touch": false,
                    },
                    "ref": null,
                    "rendered": Object {
                      "instance": null,
                      "key": undefined,
                      "nodeType": "class",
                      "props": Object {
                        "color": "red",
                      },
                      "ref": null,
                      "rendered": null,
                      "type": [Function],
                    },
                    "type": [Function],
                  },
                  "type": "a",
                },
                "type": "span",
              },
              "type": "div",
            },
            Object {
              "instance": null,
              "key": undefined,
              "nodeType": "class",
              "props": Object {
                "actions": Array [
                  <FlatButton
                    disabled={false}
                    fullWidth={false}
                    id="yesRejectEvent"
                    label="Yes"
                    labelPosition="after"
                    labelStyle={Object {}}
                    onClick={[Function]}
                    onKeyboardFocus={[Function]}
                    onMouseEnter={[Function]}
                    onMouseLeave={[Function]}
                    onTouchStart={[Function]}
                    primary={true}
                    secondary={false}
                  />,
                  <FlatButton
                    disabled={false}
                    fullWidth={false}
                    id="noRejectEvent"
                    label="No"
                    labelPosition="after"
                    labelStyle={Object {}}
                    onClick={[Function]}
                    onKeyboardFocus={[Function]}
                    onMouseEnter={[Function]}
                    onMouseLeave={[Function]}
                    onTouchStart={[Function]}
                    primary={true}
                    secondary={false}
                  />,
                ],
                "autoDetectWindowHeight": true,
                "autoScrollBodyContent": false,
                "children": <h5>
                  Are you sure you want to reject this event?
                </h5>,
                "modal": false,
                "onRequestClose": [Function],
                "open": false,
                "repositionOnUpdate": true,
              },
              "ref": null,
              "rendered": Object {
                "instance": null,
                "key": undefined,
                "nodeType": "host",
                "props": Object {
                  "children": "Are you sure you want to reject this event?",
                },
                "ref": null,
                "rendered": "Are you sure you want to reject this event?",
                "type": "h5",
              },
              "type": [Function],
            },
          ],
          "type": "li",
        },
        Object {
          "instance": null,
          "key": "SJfrzdSngX",
          "nodeType": "host",
          "props": Object {
            "children": Array [
              "Invalid Date - Invalid Date",
              <div
                className="status-btns"
              >
                <span>
                  <a
                    className="secondary-content red-text"
                    onClick={[Function]}
                  >
                    <IconButton
                      disableTouchRipple={false}
                      disabled={false}
                      iconStyle={Object {}}
                      id="rejectEvent-3"
                      tooltip="Reject Event"
                      tooltipPosition="top-left"
                      touch={false}
                    >
                      <ContentClear
                        color="red"
                      />
                    </IconButton>
                  </a>
                </span>
              </div>,
              <Dialog
                actions={
                  Array [
                    <FlatButton
                      disabled={false}
                      fullWidth={false}
                      id="yesRejectEvent"
                      label="Yes"
                      labelPosition="after"
                      labelStyle={Object {}}
                      onClick={[Function]}
                      onKeyboardFocus={[Function]}
                      onMouseEnter={[Function]}
                      onMouseLeave={[Function]}
                      onTouchStart={[Function]}
                      primary={true}
                      secondary={false}
                    />,
                    <FlatButton
                      disabled={false}
                      fullWidth={false}
                      id="noRejectEvent"
                      label="No"
                      labelPosition="after"
                      labelStyle={Object {}}
                      onClick={[Function]}
                      onKeyboardFocus={[Function]}
                      onMouseEnter={[Function]}
                      onMouseLeave={[Function]}
                      onTouchStart={[Function]}
                      primary={true}
                      secondary={false}
                    />,
                  ]
                }
                autoDetectWindowHeight={true}
                autoScrollBodyContent={false}
                modal={false}
                onRequestClose={[Function]}
                open={false}
                repositionOnUpdate={true}
              >
                <h5>
                  Are you sure you want to reject this event?
                </h5>
              </Dialog>,
            ],
            "className": "collection-item",
            "id": "collection-item-3",
            "style": Object {
              "fontSize": "13px",
            },
          },
          "ref": null,
          "rendered": Array [
            "Invalid Date - Invalid Date",
            Object {
              "instance": null,
              "key": undefined,
              "nodeType": "host",
              "props": Object {
                "children": <span>
                  <a
                    className="secondary-content red-text"
                    onClick={[Function]}
                  >
                    <IconButton
                      disableTouchRipple={false}
                      disabled={false}
                      iconStyle={Object {}}
                      id="rejectEvent-3"
                      tooltip="Reject Event"
                      tooltipPosition="top-left"
                      touch={false}
                    >
                      <ContentClear
                        color="red"
                      />
                    </IconButton>
                  </a>
                </span>,
                "className": "status-btns",
              },
              "ref": null,
              "rendered": Object {
                "instance": null,
                "key": undefined,
                "nodeType": "host",
                "props": Object {
                  "children": <a
                    className="secondary-content red-text"
                    onClick={[Function]}
                  >
                    <IconButton
                      disableTouchRipple={false}
                      disabled={false}
                      iconStyle={Object {}}
                      id="rejectEvent-3"
                      tooltip="Reject Event"
                      tooltipPosition="top-left"
                      touch={false}
                    >
                      <ContentClear
                        color="red"
                      />
                    </IconButton>
                  </a>,
                },
                "ref": null,
                "rendered": Object {
                  "instance": null,
                  "key": undefined,
                  "nodeType": "host",
                  "props": Object {
                    "children": <IconButton
                      disableTouchRipple={false}
                      disabled={false}
                      iconStyle={Object {}}
                      id="rejectEvent-3"
                      tooltip="Reject Event"
                      tooltipPosition="top-left"
                      touch={false}
                    >
                      <ContentClear
                        color="red"
                      />
                    </IconButton>,
                    "className": "secondary-content red-text",
                    "onClick": [Function],
                  },
                  "ref": null,
                  "rendered": Object {
                    "instance": null,
                    "key": undefined,
                    "nodeType": "class",
                    "props": Object {
                      "children": <ContentClear
                        color="red"
                      />,
                      "disableTouchRipple": false,
                      "disabled": false,
                      "iconStyle": Object {},
                      "id": "rejectEvent-3",
                      "tooltip": "Reject Event",
                      "tooltipPosition": "top-left",
                      "touch": false,
                    },
                    "ref": null,
                    "rendered": Object {
                      "instance": null,
                      "key": undefined,
                      "nodeType": "class",
                      "props": Object {
                        "color": "red",
                      },
                      "ref": null,
                      "rendered": null,
                      "type": [Function],
                    },
                    "type": [Function],
                  },
                  "type": "a",
                },
                "type": "span",
              },
              "type": "div",
            },
            Object {
              "instance": null,
              "key": undefined,
              "nodeType": "class",
              "props": Object {
                "actions": Array [
                  <FlatButton
                    disabled={false}
                    fullWidth={false}
                    id="yesRejectEvent"
                    label="Yes"
                    labelPosition="after"
                    labelStyle={Object {}}
                    onClick={[Function]}
                    onKeyboardFocus={[Function]}
                    onMouseEnter={[Function]}
                    onMouseLeave={[Function]}
                    onTouchStart={[Function]}
                    primary={true}
                    secondary={false}
                  />,
                  <FlatButton
                    disabled={false}
                    fullWidth={false}
                    id="noRejectEvent"
                    label="No"
                    labelPosition="after"
                    labelStyle={Object {}}
                    onClick={[Function]}
                    onKeyboardFocus={[Function]}
                    onMouseEnter={[Function]}
                    onMouseLeave={[Function]}
                    onTouchStart={[Function]}
                    primary={true}
                    secondary={false}
                  />,
                ],
                "autoDetectWindowHeight": true,
                "autoScrollBodyContent": false,
                "children": <h5>
                  Are you sure you want to reject this event?
                </h5>,
                "modal": false,
                "onRequestClose": [Function],
                "open": false,
                "repositionOnUpdate": true,
              },
              "ref": null,
              "rendered": Object {
                "instance": null,
                "key": undefined,
                "nodeType": "host",
                "props": Object {
                  "children": "Are you sure you want to reject this event?",
                },
                "ref": null,
                "rendered": "Are you sure you want to reject this event?",
                "type": "h5",
              },
              "type": [Function],
            },
          ],
          "type": "li",
        },
      ],
      "type": "ul",
    },
  ],
  Symbol(enzyme.__options__): Object {
    "adapter": ReactSixteenAdapter {
      "options": Object {
        "enableComponentDidUpdateOnSetState": true,
      },
    },
  },
}
`;
